[    2934ms] [INFO] %cDownload the React DevTools for a better development experience: https://react.dev/link/react-devtools font-weight:bold @ webpack-internal:///(app-pages-browser)/./node_modules/next/dist/compiled/react-dom/cjs/react-dom-client.development.js:25630
[    8987ms] [LOG] [Fast Refresh] rebuilding @ webpack-internal:///(app-pages-browser)/./node_modules/next/dist/client/dev/hot-reloader/app/hot-reloader-app.js:183
[   10947ms] [LOG] [Fast Refresh] rebuilding @ webpack-internal:///(app-pages-browser)/./node_modules/next/dist/client/dev/hot-reloader/app/hot-reloader-app.js:183
[   11037ms] [LOG] [Fast Refresh] done in 90ms @ webpack-internal:///(app-pages-browser)/./node_modules/next/dist/client/dev/report-hmr-latency.js:13
[   20942ms] [LOG] [Fast Refresh] done in 9996ms @ webpack-internal:///(app-pages-browser)/./node_modules/next/dist/client/dev/report-hmr-latency.js:13
[   37123ms] [LOG] [Fast Refresh] rebuilding @ webpack-internal:///(app-pages-browser)/./node_modules/next/dist/client/dev/hot-reloader/app/hot-reloader-app.js:183
[   37255ms] [LOG] [Fast Refresh] rebuilding @ webpack-internal:///(app-pages-browser)/./node_modules/next/dist/client/dev/hot-reloader/app/hot-reloader-app.js:183
[   37283ms] [LOG] [Fast Refresh] done in 29ms @ webpack-internal:///(app-pages-browser)/./node_modules/next/dist/client/dev/report-hmr-latency.js:13
[   37869ms] [LOG] [Fast Refresh] done in 615ms @ webpack-internal:///(app-pages-browser)/./node_modules/next/dist/client/dev/report-hmr-latency.js:13
[   72162ms] [LOG] [Fast Refresh] rebuilding @ webpack-internal:///(app-pages-browser)/./node_modules/next/dist/client/dev/hot-reloader/app/hot-reloader-app.js:183
[   72323ms] [LOG] [Fast Refresh] rebuilding @ webpack-internal:///(app-pages-browser)/./node_modules/next/dist/client/dev/hot-reloader/app/hot-reloader-app.js:183
[   72399ms] [LOG] [Fast Refresh] done in 77ms @ webpack-internal:///(app-pages-browser)/./node_modules/next/dist/client/dev/report-hmr-latency.js:13
[   72544ms] [LOG] [Fast Refresh] done in 222ms @ webpack-internal:///(app-pages-browser)/./node_modules/next/dist/client/dev/report-hmr-latency.js:13
[   75628ms] [WARNING] The resource http://localhost:3100/_next/static/css/app/layout.css?v=1785509801340 was preloaded using link preload but not used within a few seconds from the window's load event. Please make sure it has an appropriate `as` value and it is preloaded intentionally. @ http://localhost:3100/board/brd_96b6fb8fbc47:0
[   78850ms] [WARNING] The resource http://localhost:3100/_next/static/css/app/layout.css?v=1785509801340 was preloaded using link preload but not used within a few seconds from the window's load event. Please make sure it has an appropriate `as` value and it is preloaded intentionally. @ http://localhost:3100/board/brd_96b6fb8fbc47:0
[   82075ms] [LOG] [Fast Refresh] rebuilding @ webpack-internal:///(app-pages-browser)/./node_modules/next/dist/client/dev/hot-reloader/app/hot-reloader-app.js:183
[   82201ms] [LOG] [Fast Refresh] rebuilding @ webpack-internal:///(app-pages-browser)/./node_modules/next/dist/client/dev/hot-reloader/app/hot-reloader-app.js:183
[   82263ms] [LOG] [Fast Refresh] done in 62ms @ webpack-internal:///(app-pages-browser)/./node_modules/next/dist/client/dev/report-hmr-latency.js:13
[   82612ms] [LOG] [Fast Refresh] done in 413ms @ webpack-internal:///(app-pages-browser)/./node_modules/next/dist/client/dev/report-hmr-latency.js:13
[   85872ms] [WARNING] The resource http://localhost:3100/_next/static/css/app/layout.css?v=1785509801340 was preloaded using link preload but not used within a few seconds from the window's load event. Please make sure it has an appropriate `as` value and it is preloaded intentionally. @ http://localhost:3100/board/brd_96b6fb8fbc47:0
[   90585ms] [WARNING] The resource http://localhost:3100/_next/static/css/app/layout.css?v=1785509801340 was preloaded using link preload but not used within a few seconds from the window's load event. Please make sure it has an appropriate `as` value and it is preloaded intentionally. @ http://localhost:3100/board/brd_96b6fb8fbc47:0
[   93505ms] [LOG] [Fast Refresh] rebuilding @ webpack-internal:///(app-pages-browser)/./node_modules/next/dist/client/dev/hot-reloader/app/hot-reloader-app.js:183
[   93640ms] [LOG] [Fast Refresh] rebuilding @ webpack-internal:///(app-pages-browser)/./node_modules/next/dist/client/dev/hot-reloader/app/hot-reloader-app.js:183
[   93665ms] [LOG] [Fast Refresh] done in 25ms @ webpack-internal:///(app-pages-browser)/./node_modules/next/dist/client/dev/report-hmr-latency.js:13
[   94592ms] [LOG] [Fast Refresh] done in 952ms @ webpack-internal:///(app-pages-browser)/./node_modules/next/dist/client/dev/report-hmr-latency.js:13
[   97761ms] [WARNING] The resource http://localhost:3100/_next/static/css/app/layout.css?v=1785509801340 was preloaded using link preload but not used within a few seconds from the window's load event. Please make sure it has an appropriate `as` value and it is preloaded intentionally. @ http://localhost:3100/board/brd_96b6fb8fbc47:0
[  102569ms] [WARNING] The resource http://localhost:3100/_next/static/css/app/layout.css?v=1785509801340 was preloaded using link preload but not used within a few seconds from the window's load event. Please make sure it has an appropriate `as` value and it is preloaded intentionally. @ http://localhost:3100/board/brd_96b6fb8fbc47:0
[  107551ms] [WARNING] The resource http://localhost:3100/_next/static/css/app/layout.css?v=1785509801340 was preloaded using link preload but not used within a few seconds from the window's load event. Please make sure it has an appropriate `as` value and it is preloaded intentionally. @ http://localhost:3100/board/brd_96b6fb8fbc47:0
[  112555ms] [WARNING] The resource http://localhost:3100/_next/static/css/app/layout.css?v=1785509801340 was preloaded using link preload but not used within a few seconds from the window's load event. Please make sure it has an appropriate `as` value and it is preloaded intentionally. @ http://localhost:3100/board/brd_96b6fb8fbc47:0
[  117544ms] [WARNING] The resource http://localhost:3100/_next/static/css/app/layout.css?v=1785509801340 was preloaded using link preload but not used within a few seconds from the window's load event. Please make sure it has an appropriate `as` value and it is preloaded intentionally. @ http://localhost:3100/board/brd_96b6fb8fbc47:0
[  122552ms] [WARNING] The resource http://localhost:3100/_next/static/css/app/layout.css?v=1785509801340 was preloaded using link preload but not used within a few seconds from the window's load event. Please make sure it has an appropriate `as` value and it is preloaded intentionally. @ http://localhost:3100/board/brd_96b6fb8fbc47:0
[  127567ms] [WARNING] The resource http://localhost:3100/_next/static/css/app/layout.css?v=1785509801340 was preloaded using link preload but not used within a few seconds from the window's load event. Please make sure it has an appropriate `as` value and it is preloaded intentionally. @ http://localhost:3100/board/brd_96b6fb8fbc47:0
[  132551ms] [WARNING] The resource http://localhost:3100/_next/static/css/app/layout.css?v=1785509801340 was preloaded using link preload but not used within a few seconds from the window's load event. Please make sure it has an appropriate `as` value and it is preloaded intentionally. @ http://localhost:3100/board/brd_96b6fb8fbc47:0
[  137551ms] [WARNING] The resource http://localhost:3100/_next/static/css/app/layout.css?v=1785509801340 was preloaded using link preload but not used within a few seconds from the window's load event. Please make sure it has an appropriate `as` value and it is preloaded intentionally. @ http://localhost:3100/board/brd_96b6fb8fbc47:0
[  142549ms] [WARNING] The resource http://localhost:3100/_next/static/css/app/layout.css?v=1785509801340 was preloaded using link preload but not used within a few seconds from the window's load event. Please make sure it has an appropriate `as` value and it is preloaded intentionally. @ http://localhost:3100/board/brd_96b6fb8fbc47:0
[  147552ms] [WARNING] The resource http://localhost:3100/_next/static/css/app/layout.css?v=1785509801340 was preloaded using link preload but not used within a few seconds from the window's load event. Please make sure it has an appropriate `as` value and it is preloaded intentionally. @ http://localhost:3100/board/brd_96b6fb8fbc47:0
[  152540ms] [WARNING] The resource http://localhost:3100/_next/static/css/app/layout.css?v=1785509801340 was preloaded using link preload but not used within a few seconds from the window's load event. Please make sure it has an appropriate `as` value and it is preloaded intentionally. @ http://localhost:3100/board/brd_96b6fb8fbc47:0
[  157649ms] [WARNING] The resource http://localhost:3100/_next/static/css/app/layout.css?v=1785509801340 was preloaded using link preload but not used within a few seconds from the window's load event. Please make sure it has an appropriate `as` value and it is preloaded intentionally. @ http://localhost:3100/board/brd_96b6fb8fbc47:0
[  162553ms] [WARNING] The resource http://localhost:3100/_next/static/css/app/layout.css?v=1785509801340 was preloaded using link preload but not used within a few seconds from the window's load event. Please make sure it has an appropriate `as` value and it is preloaded intentionally. @ http://localhost:3100/board/brd_96b6fb8fbc47:0
[  167539ms] [WARNING] The resource http://localhost:3100/_next/static/css/app/layout.css?v=1785509801340 was preloaded using link preload but not used within a few seconds from the window's load event. Please make sure it has an appropriate `as` value and it is preloaded intentionally. @ http://localhost:3100/board/brd_96b6fb8fbc47:0
[  172597ms] [WARNING] The resource http://localhost:3100/_next/static/css/app/layout.css?v=1785509801340 was preloaded using link preload but not used within a few seconds from the window's load event. Please make sure it has an appropriate `as` value and it is preloaded intentionally. @ http://localhost:3100/board/brd_96b6fb8fbc47:0
[  177584ms] [WARNING] The resource http://localhost:3100/_next/static/css/app/layout.css?v=1785509801340 was preloaded using link preload but not used within a few seconds from the window's load event. Please make sure it has an appropriate `as` value and it is preloaded intentionally. @ http://localhost:3100/board/brd_96b6fb8fbc47:0
[  182585ms] [WARNING] The resource http://localhost:3100/_next/static/css/app/layout.css?v=1785509801340 was preloaded using link preload but not used within a few seconds from the window's load event. Please make sure it has an appropriate `as` value and it is preloaded intentionally. @ http://localhost:3100/board/brd_96b6fb8fbc47:0
[  187578ms] [WARNING] The resource http://localhost:3100/_next/static/css/app/layout.css?v=1785509801340 was preloaded using link preload but not used within a few seconds from the window's load event. Please make sure it has an appropriate `as` value and it is preloaded intentionally. @ http://localhost:3100/board/brd_96b6fb8fbc47:0
[  192578ms] [WARNING] The resource http://localhost:3100/_next/static/css/app/layout.css?v=1785509801340 was preloaded using link preload but not used within a few seconds from the window's load event. Please make sure it has an appropriate `as` value and it is preloaded intentionally. @ http://localhost:3100/board/brd_96b6fb8fbc47:0
[  197574ms] [WARNING] The resource http://localhost:3100/_next/static/css/app/layout.css?v=1785509801340 was preloaded using link preload but not used within a few seconds from the window's load event. Please make sure it has an appropriate `as` value and it is preloaded intentionally. @ http://localhost:3100/board/brd_96b6fb8fbc47:0
[  202284ms] [LOG] [Fast Refresh] rebuilding @ webpack-internal:///(app-pages-browser)/./node_modules/next/dist/client/dev/hot-reloader/app/hot-reloader-app.js:183
[  202462ms] [LOG] [Fast Refresh] rebuilding @ webpack-internal:///(app-pages-browser)/./node_modules/next/dist/client/dev/hot-reloader/app/hot-reloader-app.js:183
[  202490ms] [LOG] [Fast Refresh] done in 28ms @ webpack-internal:///(app-pages-browser)/./node_modules/next/dist/client/dev/report-hmr-latency.js:13
[  202892ms] [LOG] [Fast Refresh] done in 431ms @ webpack-internal:///(app-pages-browser)/./node_modules/next/dist/client/dev/report-hmr-latency.js:13
[  207546ms] [WARNING] The resource http://localhost:3100/_next/static/css/app/layout.css?v=1785509801340 was preloaded using link preload but not used within a few seconds from the window's load event. Please make sure it has an appropriate `as` value and it is preloaded intentionally. @ http://localhost:3100/board/brd_96b6fb8fbc47:0
[  212563ms] [WARNING] The resource http://localhost:3100/_next/static/css/app/layout.css?v=1785509801340 was preloaded using link preload but not used within a few seconds from the window's load event. Please make sure it has an appropriate `as` value and it is preloaded intentionally. @ http://localhost:3100/board/brd_96b6fb8fbc47:0
[  217585ms] [WARNING] The resource http://localhost:3100/_next/static/css/app/layout.css?v=1785509801340 was preloaded using link preload but not used within a few seconds from the window's load event. Please make sure it has an appropriate `as` value and it is preloaded intentionally. @ http://localhost:3100/board/brd_96b6fb8fbc47:0
[  222582ms] [WARNING] The resource http://localhost:3100/_next/static/css/app/layout.css?v=1785509801340 was preloaded using link preload but not used within a few seconds from the window's load event. Please make sure it has an appropriate `as` value and it is preloaded intentionally. @ http://localhost:3100/board/brd_96b6fb8fbc47:0
[  227576ms] [WARNING] The resource http://localhost:3100/_next/static/css/app/layout.css?v=1785509801340 was preloaded using link preload but not used within a few seconds from the window's load event. Please make sure it has an appropriate `as` value and it is preloaded intentionally. @ http://localhost:3100/board/brd_96b6fb8fbc47:0
[  228839ms] [LOG] [Fast Refresh] rebuilding @ webpack-internal:///(app-pages-browser)/./node_modules/next/dist/client/dev/hot-reloader/app/hot-reloader-app.js:183
[  229569ms] [LOG] [Fast Refresh] rebuilding @ webpack-internal:///(app-pages-browser)/./node_modules/next/dist/client/dev/hot-reloader/app/hot-reloader-app.js:183
[  229741ms] [LOG] [Fast Refresh] done in 172ms @ webpack-internal:///(app-pages-browser)/./node_modules/next/dist/client/dev/report-hmr-latency.js:13
[  230965ms] [LOG] [Fast Refresh] done in 1397ms @ webpack-internal:///(app-pages-browser)/./node_modules/next/dist/client/dev/report-hmr-latency.js:13
[  234459ms] [WARNING] The resource http://localhost:3100/_next/static/css/app/layout.css?v=1785509801340 was preloaded using link preload but not used within a few seconds from the window's load event. Please make sure it has an appropriate `as` value and it is preloaded intentionally. @ http://localhost:3100/board/brd_96b6fb8fbc47:0
[  237569ms] [WARNING] The resource http://localhost:3100/_next/static/css/app/layout.css?v=1785509801340 was preloaded using link preload but not used within a few seconds from the window's load event. Please make sure it has an appropriate `as` value and it is preloaded intentionally. @ http://localhost:3100/board/brd_96b6fb8fbc47:0
[  242579ms] [WARNING] The resource http://localhost:3100/_next/static/css/app/layout.css?v=1785509801340 was preloaded using link preload but not used within a few seconds from the window's load event. Please make sure it has an appropriate `as` value and it is preloaded intentionally. @ http://localhost:3100/board/brd_96b6fb8fbc47:0
[  247587ms] [WARNING] The resource http://localhost:3100/_next/static/css/app/layout.css?v=1785509801340 was preloaded using link preload but not used within a few seconds from the window's load event. Please make sure it has an appropriate `as` value and it is preloaded intentionally. @ http://localhost:3100/board/brd_96b6fb8fbc47:0
[  252585ms] [WARNING] The resource http://localhost:3100/_next/static/css/app/layout.css?v=1785509801340 was preloaded using link preload but not used within a few seconds from the window's load event. Please make sure it has an appropriate `as` value and it is preloaded intentionally. @ http://localhost:3100/board/brd_96b6fb8fbc47:0
[  257583ms] [WARNING] The resource http://localhost:3100/_next/static/css/app/layout.css?v=1785509801340 was preloaded using link preload but not used within a few seconds from the window's load event. Please make sure it has an appropriate `as` value and it is preloaded intentionally. @ http://localhost:3100/board/brd_96b6fb8fbc47:0
[  258598ms] [LOG] [Fast Refresh] rebuilding @ webpack-internal:///(app-pages-browser)/./node_modules/next/dist/client/dev/hot-reloader/app/hot-reloader-app.js:183
[  259236ms] [LOG] [Fast Refresh] rebuilding @ webpack-internal:///(app-pages-browser)/./node_modules/next/dist/client/dev/hot-reloader/app/hot-reloader-app.js:183
[  259311ms] [LOG] [Fast Refresh] done in 75ms @ webpack-internal:///(app-pages-browser)/./node_modules/next/dist/client/dev/report-hmr-latency.js:13
[  263258ms] [WARNING] The resource http://localhost:3100/_next/static/css/app/layout.css?v=1785509801340 was preloaded using link preload but not used within a few seconds from the window's load event. Please make sure it has an appropriate `as` value and it is preloaded intentionally. @ http://localhost:3100/board/brd_96b6fb8fbc47:0
[  264308ms] [LOG] [Fast Refresh] done in 5072ms @ webpack-internal:///(app-pages-browser)/./node_modules/next/dist/client/dev/report-hmr-latency.js:13
[  267572ms] [WARNING] The resource http://localhost:3100/_next/static/css/app/layout.css?v=1785509801340 was preloaded using link preload but not used within a few seconds from the window's load event. Please make sure it has an appropriate `as` value and it is preloaded intentionally. @ http://localhost:3100/board/brd_96b6fb8fbc47:0
[  272578ms] [WARNING] The resource http://localhost:3100/_next/static/css/app/layout.css?v=1785509801340 was preloaded using link preload but not used within a few seconds from the window's load event. Please make sure it has an appropriate `as` value and it is preloaded intentionally. @ http://localhost:3100/board/brd_96b6fb8fbc47:0
[  277575ms] [WARNING] The resource http://localhost:3100/_next/static/css/app/layout.css?v=1785509801340 was preloaded using link preload but not used within a few seconds from the window's load event. Please make sure it has an appropriate `as` value and it is preloaded intentionally. @ http://localhost:3100/board/brd_96b6fb8fbc47:0
[  282565ms] [WARNING] The resource http://localhost:3100/_next/static/css/app/layout.css?v=1785509801340 was preloaded using link preload but not used within a few seconds from the window's load event. Please make sure it has an appropriate `as` value and it is preloaded intentionally. @ http://localhost:3100/board/brd_96b6fb8fbc47:0
[  286116ms] [LOG] [Fast Refresh] rebuilding @ webpack-internal:///(app-pages-browser)/./node_modules/next/dist/client/dev/hot-reloader/app/hot-reloader-app.js:183
[  286797ms] [LOG] [Fast Refresh] rebuilding @ webpack-internal:///(app-pages-browser)/./node_modules/next/dist/client/dev/hot-reloader/app/hot-reloader-app.js:183
[  286890ms] [LOG] [Fast Refresh] done in 93ms @ webpack-internal:///(app-pages-browser)/./node_modules/next/dist/client/dev/report-hmr-latency.js:13
[  289296ms] [LOG] [Fast Refresh] done in 2499ms @ webpack-internal:///(app-pages-browser)/./node_modules/next/dist/client/dev/report-hmr-latency.js:13
[  292920ms] [WARNING] The resource http://localhost:3100/_next/static/css/app/layout.css?v=1785509801340 was preloaded using link preload but not used within a few seconds from the window's load event. Please make sure it has an appropriate `as` value and it is preloaded intentionally. @ http://localhost:3100/board/brd_96b6fb8fbc47:0
[  297549ms] [WARNING] The resource http://localhost:3100/_next/static/css/app/layout.css?v=1785509801340 was preloaded using link preload but not used within a few seconds from the window's load event. Please make sure it has an appropriate `as` value and it is preloaded intentionally. @ http://localhost:3100/board/brd_96b6fb8fbc47:0
[  302552ms] [WARNING] The resource http://localhost:3100/_next/static/css/app/layout.css?v=1785509801340 was preloaded using link preload but not used within a few seconds from the window's load event. Please make sure it has an appropriate `as` value and it is preloaded intentionally. @ http://localhost:3100/board/brd_96b6fb8fbc47:0
[  307563ms] [WARNING] The resource http://localhost:3100/_next/static/css/app/layout.css?v=1785509801340 was preloaded using link preload but not used within a few seconds from the window's load event. Please make sure it has an appropriate `as` value and it is preloaded intentionally. @ http://localhost:3100/board/brd_96b6fb8fbc47:0
[  312542ms] [WARNING] The resource http://localhost:3100/_next/static/css/app/layout.css?v=1785509801340 was preloaded using link preload but not used within a few seconds from the window's load event. Please make sure it has an appropriate `as` value and it is preloaded intentionally. @ http://localhost:3100/board/brd_96b6fb8fbc47:0
[  317560ms] [WARNING] The resource http://localhost:3100/_next/static/css/app/layout.css?v=1785509801340 was preloaded using link preload but not used within a few seconds from the window's load event. Please make sure it has an appropriate `as` value and it is preloaded intentionally. @ http://localhost:3100/board/brd_96b6fb8fbc47:0
[  322548ms] [WARNING] The resource http://localhost:3100/_next/static/css/app/layout.css?v=1785509801340 was preloaded using link preload but not used within a few seconds from the window's load event. Please make sure it has an appropriate `as` value and it is preloaded intentionally. @ http://localhost:3100/board/brd_96b6fb8fbc47:0
[  327565ms] [WARNING] The resource http://localhost:3100/_next/static/css/app/layout.css?v=1785509801340 was preloaded using link preload but not used within a few seconds from the window's load event. Please make sure it has an appropriate `as` value and it is preloaded intentionally. @ http://localhost:3100/board/brd_96b6fb8fbc47:0
[  332540ms] [WARNING] The resource http://localhost:3100/_next/static/css/app/layout.css?v=1785509801340 was preloaded using link preload but not used within a few seconds from the window's load event. Please make sure it has an appropriate `as` value and it is preloaded intentionally. @ http://localhost:3100/board/brd_96b6fb8fbc47:0
[  337567ms] [WARNING] The resource http://localhost:3100/_next/static/css/app/layout.css?v=1785509801340 was preloaded using link preload but not used within a few seconds from the window's load event. Please make sure it has an appropriate `as` value and it is preloaded intentionally. @ http://localhost:3100/board/brd_96b6fb8fbc47:0
[  342564ms] [WARNING] The resource http://localhost:3100/_next/static/css/app/layout.css?v=1785509801340 was preloaded using link preload but not used within a few seconds from the window's load event. Please make sure it has an appropriate `as` value and it is preloaded intentionally. @ http://localhost:3100/board/brd_96b6fb8fbc47:0
[  347551ms] [WARNING] The resource http://localhost:3100/_next/static/css/app/layout.css?v=1785509801340 was preloaded using link preload but not used within a few seconds from the window's load event. Please make sure it has an appropriate `as` value and it is preloaded intentionally. @ http://localhost:3100/board/brd_96b6fb8fbc47:0
[  352544ms] [WARNING] The resource http://localhost:3100/_next/static/css/app/layout.css?v=1785509801340 was preloaded using link preload but not used within a few seconds from the window's load event. Please make sure it has an appropriate `as` value and it is preloaded intentionally. @ http://localhost:3100/board/brd_96b6fb8fbc47:0
[  357558ms] [WARNING] The resource http://localhost:3100/_next/static/css/app/layout.css?v=1785509801340 was preloaded using link preload but not used within a few seconds from the window's load event. Please make sure it has an appropriate `as` value and it is preloaded intentionally. @ http://localhost:3100/board/brd_96b6fb8fbc47:0
[  362567ms] [WARNING] The resource http://localhost:3100/_next/static/css/app/layout.css?v=1785509801340 was preloaded using link preload but not used within a few seconds from the window's load event. Please make sure it has an appropriate `as` value and it is preloaded intentionally. @ http://localhost:3100/board/brd_96b6fb8fbc47:0
[  367544ms] [WARNING] The resource http://localhost:3100/_next/static/css/app/layout.css?v=1785509801340 was preloaded using link preload but not used within a few seconds from the window's load event. Please make sure it has an appropriate `as` value and it is preloaded intentionally. @ http://localhost:3100/board/brd_96b6fb8fbc47:0
[  372548ms] [WARNING] The resource http://localhost:3100/_next/static/css/app/layout.css?v=1785509801340 was preloaded using link preload but not used within a few seconds from the window's load event. Please make sure it has an appropriate `as` value and it is preloaded intentionally. @ http://localhost:3100/board/brd_96b6fb8fbc47:0
[  377559ms] [WARNING] The resource http://localhost:3100/_next/static/css/app/layout.css?v=1785509801340 was preloaded using link preload but not used within a few seconds from the window's load event. Please make sure it has an appropriate `as` value and it is preloaded intentionally. @ http://localhost:3100/board/brd_96b6fb8fbc47:0
[  379854ms] [LOG] [Fast Refresh] rebuilding @ webpack-internal:///(app-pages-browser)/./node_modules/next/dist/client/dev/hot-reloader/app/hot-reloader-app.js:183
[  380346ms] [LOG] [Fast Refresh] done in 491ms @ webpack-internal:///(app-pages-browser)/./node_modules/next/dist/client/dev/report-hmr-latency.js:13
[  383873ms] [WARNING] The resource http://localhost:3100/_next/static/css/app/layout.css?v=1785509801340 was preloaded using link preload but not used within a few seconds from the window's load event. Please make sure it has an appropriate `as` value and it is preloaded intentionally. @ http://localhost:3100/board/brd_96b6fb8fbc47:0
[  388314ms] [WARNING] The resource http://localhost:3100/_next/static/css/app/layout.css?v=1785509801340 was preloaded using link preload but not used within a few seconds from the window's load event. Please make sure it has an appropriate `as` value and it is preloaded intentionally. @ http://localhost:3100/board/brd_96b6fb8fbc47:0
[  393344ms] [WARNING] The resource http://localhost:3100/_next/static/css/app/layout.css?v=1785509801340 was preloaded using link preload but not used within a few seconds from the window's load event. Please make sure it has an appropriate `as` value and it is preloaded intentionally. @ http://localhost:3100/board/brd_96b6fb8fbc47:0
[  398342ms] [WARNING] The resource http://localhost:3100/_next/static/css/app/layout.css?v=1785509801340 was preloaded using link preload but not used within a few seconds from the window's load event. Please make sure it has an appropriate `as` value and it is preloaded intentionally. @ http://localhost:3100/board/brd_96b6fb8fbc47:0
[  399853ms] [LOG] [Fast Refresh] rebuilding @ webpack-internal:///(app-pages-browser)/./node_modules/next/dist/client/dev/hot-reloader/app/hot-reloader-app.js:183
[  400633ms] [LOG] [Fast Refresh] rebuilding @ webpack-internal:///(app-pages-browser)/./node_modules/next/dist/client/dev/hot-reloader/app/hot-reloader-app.js:183
[  400765ms] [LOG] [Fast Refresh] done in 132ms @ webpack-internal:///(app-pages-browser)/./node_modules/next/dist/client/dev/report-hmr-latency.js:13
[  402069ms] [LOG] [Fast Refresh] done in 1435ms @ webpack-internal:///(app-pages-browser)/./node_modules/next/dist/client/dev/report-hmr-latency.js:13
[  405475ms] [WARNING] The resource http://localhost:3100/_next/static/css/app/layout.css?v=1785509801340 was preloaded using link preload but not used within a few seconds from the window's load event. Please make sure it has an appropriate `as` value and it is preloaded intentionally. @ http://localhost:3100/board/brd_96b6fb8fbc47:0
[  410015ms] [WARNING] The resource http://localhost:3100/_next/static/css/app/layout.css?v=1785509801340 was preloaded using link preload but not used within a few seconds from the window's load event. Please make sure it has an appropriate `as` value and it is preloaded intentionally. @ http://localhost:3100/board/brd_96b6fb8fbc47:0
[  415005ms] [WARNING] The resource http://localhost:3100/_next/static/css/app/layout.css?v=1785509801340 was preloaded using link preload but not used within a few seconds from the window's load event. Please make sure it has an appropriate `as` value and it is preloaded intentionally. @ http://localhost:3100/board/brd_96b6fb8fbc47:0
[  415486ms] [LOG] [Fast Refresh] rebuilding @ webpack-internal:///(app-pages-browser)/./node_modules/next/dist/client/dev/hot-reloader/app/hot-reloader-app.js:183
[  415622ms] [LOG] [Fast Refresh] rebuilding @ webpack-internal:///(app-pages-browser)/./node_modules/next/dist/client/dev/hot-reloader/app/hot-reloader-app.js:183
[  415681ms] [LOG] [Fast Refresh] done in 59ms @ webpack-internal:///(app-pages-browser)/./node_modules/next/dist/client/dev/report-hmr-latency.js:13
[  415791ms] [LOG] [Fast Refresh] rebuilding @ webpack-internal:///(app-pages-browser)/./node_modules/next/dist/client/dev/hot-reloader/app/hot-reloader-app.js:183
[  415861ms] [LOG] [Fast Refresh] done in 70ms @ webpack-internal:///(app-pages-browser)/./node_modules/next/dist/client/dev/report-hmr-latency.js:13
[  415981ms] [LOG] [Fast Refresh] done in 191ms @ webpack-internal:///(app-pages-browser)/./node_modules/next/dist/client/dev/report-hmr-latency.js:13
[  420005ms] [WARNING] The resource http://localhost:3100/_next/static/css/app/layout.css?v=1785509801340 was preloaded using link preload but not used within a few seconds from the window's load event. Please make sure it has an appropriate `as` value and it is preloaded intentionally. @ http://localhost:3100/board/brd_96b6fb8fbc47:0
[  420005ms] [WARNING] The resource http://localhost:3100/_next/static/css/app/layout.css?v=1785510144777 was preloaded using link preload but not used within a few seconds from the window's load event. Please make sure it has an appropriate `as` value and it is preloaded intentionally. @ http://localhost:3100/board/brd_96b6fb8fbc47:0
[  420005ms] [WARNING] The resource http://localhost:3100/_next/static/css/app/layout.css?v=1785510144632 was preloaded using link preload but not used within a few seconds from the window's load event. Please make sure it has an appropriate `as` value and it is preloaded intentionally. @ http://localhost:3100/board/brd_96b6fb8fbc47:0
[  425013ms] [WARNING] The resource http://localhost:3100/_next/static/css/app/layout.css?v=1785509801340 was preloaded using link preload but not used within a few seconds from the window's load event. Please make sure it has an appropriate `as` value and it is preloaded intentionally. @ http://localhost:3100/board/brd_96b6fb8fbc47:0
[  425013ms] [WARNING] The resource http://localhost:3100/_next/static/css/app/layout.css?v=1785510144777 was preloaded using link preload but not used within a few seconds from the window's load event. Please make sure it has an appropriate `as` value and it is preloaded intentionally. @ http://localhost:3100/board/brd_96b6fb8fbc47:0
[  425013ms] [WARNING] The resource http://localhost:3100/_next/static/css/app/layout.css?v=1785510144632 was preloaded using link preload but not used within a few seconds from the window's load event. Please make sure it has an appropriate `as` value and it is preloaded intentionally. @ http://localhost:3100/board/brd_96b6fb8fbc47:0
[  425688ms] [LOG] [Fast Refresh] rebuilding @ webpack-internal:///(app-pages-browser)/./node_modules/next/dist/client/dev/hot-reloader/app/hot-reloader-app.js:183
[  425812ms] [LOG] [Fast Refresh] rebuilding @ webpack-internal:///(app-pages-browser)/./node_modules/next/dist/client/dev/hot-reloader/app/hot-reloader-app.js:183
[  425838ms] [LOG] [Fast Refresh] done in 26ms @ webpack-internal:///(app-pages-browser)/./node_modules/next/dist/client/dev/report-hmr-latency.js:13
[  426579ms] [WARNING] [React Flow]: It looks like you've created a new nodeTypes or edgeTypes object. If this wasn't on purpose please define the nodeTypes/edgeTypes outside of the component or memoize them. Help: https://reactflow.dev/error#002 @ webpack-internal:///(app-pages-browser)/./node_modules/@xyflow/system/dist/esm/index.js:739
[  426594ms] [LOG] [Fast Refresh] done in 783ms @ webpack-internal:///(app-pages-browser)/./node_modules/next/dist/client/dev/report-hmr-latency.js:13
[  430014ms] [WARNING] The resource http://localhost:3100/_next/static/css/app/layout.css?v=1785509801340 was preloaded using link preload but not used within a few seconds from the window's load event. Please make sure it has an appropriate `as` value and it is preloaded intentionally. @ http://localhost:3100/board/brd_96b6fb8fbc47:0
[  430014ms] [WARNING] The resource http://localhost:3100/_next/static/css/app/layout.css?v=1785510144777 was preloaded using link preload but not used within a few seconds from the window's load event. Please make sure it has an appropriate `as` value and it is preloaded intentionally. @ http://localhost:3100/board/brd_96b6fb8fbc47:0
[  430014ms] [WARNING] The resource http://localhost:3100/_next/static/css/app/layout.css?v=1785510144632 was preloaded using link preload but not used within a few seconds from the window's load event. Please make sure it has an appropriate `as` value and it is preloaded intentionally. @ http://localhost:3100/board/brd_96b6fb8fbc47:0
[  435003ms] [WARNING] The resource http://localhost:3100/_next/static/css/app/layout.css?v=1785509801340 was preloaded using link preload but not used within a few seconds from the window's load event. Please make sure it has an appropriate `as` value and it is preloaded intentionally. @ http://localhost:3100/board/brd_96b6fb8fbc47:0
[  435004ms] [WARNING] The resource http://localhost:3100/_next/static/css/app/layout.css?v=1785510144777 was preloaded using link preload but not used within a few seconds from the window's load event. Please make sure it has an appropriate `as` value and it is preloaded intentionally. @ http://localhost:3100/board/brd_96b6fb8fbc47:0
[  435004ms] [WARNING] The resource http://localhost:3100/_next/static/css/app/layout.css?v=1785510144632 was preloaded using link preload but not used within a few seconds from the window's load event. Please make sure it has an appropriate `as` value and it is preloaded intentionally. @ http://localhost:3100/board/brd_96b6fb8fbc47:0
[  437626ms] [LOG] [Fast Refresh] rebuilding @ webpack-internal:///(app-pages-browser)/./node_modules/next/dist/client/dev/hot-reloader/app/hot-reloader-app.js:183
[  437735ms] [LOG] [Fast Refresh] rebuilding @ webpack-internal:///(app-pages-browser)/./node_modules/next/dist/client/dev/hot-reloader/app/hot-reloader-app.js:183
[  437762ms] [LOG] [Fast Refresh] done in 26ms @ webpack-internal:///(app-pages-browser)/./node_modules/next/dist/client/dev/report-hmr-latency.js:13
[  438100ms] [LOG] [Fast Refresh] done in 365ms @ webpack-internal:///(app-pages-browser)/./node_modules/next/dist/client/dev/report-hmr-latency.js:13
[  441174ms] [WARNING] The resource http://localhost:3100/_next/static/css/app/layout.css?v=1785509801340 was preloaded using link preload but not used within a few seconds from the window's load event. Please make sure it has an appropriate `as` value and it is preloaded intentionally. @ http://localhost:3100/board/brd_96b6fb8fbc47:0
[  441174ms] [WARNING] The resource http://localhost:3100/_next/static/css/app/layout.css?v=1785510144777 was preloaded using link preload but not used within a few seconds from the window's load event. Please make sure it has an appropriate `as` value and it is preloaded intentionally. @ http://localhost:3100/board/brd_96b6fb8fbc47:0
[  441174ms] [WARNING] The resource http://localhost:3100/_next/static/css/app/layout.css?v=1785510144632 was preloaded using link preload but not used within a few seconds from the window's load event. Please make sure it has an appropriate `as` value and it is preloaded intentionally. @ http://localhost:3100/board/brd_96b6fb8fbc47:0
[  445028ms] [WARNING] The resource http://localhost:3100/_next/static/css/app/layout.css?v=1785509801340 was preloaded using link preload but not used within a few seconds from the window's load event. Please make sure it has an appropriate `as` value and it is preloaded intentionally. @ http://localhost:3100/board/brd_96b6fb8fbc47:0
[  445029ms] [WARNING] The resource http://localhost:3100/_next/static/css/app/layout.css?v=1785510144777 was preloaded using link preload but not used within a few seconds from the window's load event. Please make sure it has an appropriate `as` value and it is preloaded intentionally. @ http://localhost:3100/board/brd_96b6fb8fbc47:0
[  445029ms] [WARNING] The resource http://localhost:3100/_next/static/css/app/layout.css?v=1785510144632 was preloaded using link preload but not used within a few seconds from the window's load event. Please make sure it has an appropriate `as` value and it is preloaded intentionally. @ http://localhost:3100/board/brd_96b6fb8fbc47:0
[  450007ms] [WARNING] The resource http://localhost:3100/_next/static/css/app/layout.css?v=1785509801340 was preloaded using link preload but not used within a few seconds from the window's load event. Please make sure it has an appropriate `as` value and it is preloaded intentionally. @ http://localhost:3100/board/brd_96b6fb8fbc47:0
[  450007ms] [WARNING] The resource http://localhost:3100/_next/static/css/app/layout.css?v=1785510144777 was preloaded using link preload but not used within a few seconds from the window's load event. Please make sure it has an appropriate `as` value and it is preloaded intentionally. @ http://localhost:3100/board/brd_96b6fb8fbc47:0
[  450007ms] [WARNING] The resource http://localhost:3100/_next/static/css/app/layout.css?v=1785510144632 was preloaded using link preload but not used within a few seconds from the window's load event. Please make sure it has an appropriate `as` value and it is preloaded intentionally. @ http://localhost:3100/board/brd_96b6fb8fbc47:0
[  455018ms] [WARNING] The resource http://localhost:3100/_next/static/css/app/layout.css?v=1785509801340 was preloaded using link preload but not used within a few seconds from the window's load event. Please make sure it has an appropriate `as` value and it is preloaded intentionally. @ http://localhost:3100/board/brd_96b6fb8fbc47:0
[  455018ms] [WARNING] The resource http://localhost:3100/_next/static/css/app/layout.css?v=1785510144777 was preloaded using link preload but not used within a few seconds from the window's load event. Please make sure it has an appropriate `as` value and it is preloaded intentionally. @ http://localhost:3100/board/brd_96b6fb8fbc47:0
[  455018ms] [WARNING] The resource http://localhost:3100/_next/static/css/app/layout.css?v=1785510144632 was preloaded using link preload but not used within a few seconds from the window's load event. Please make sure it has an appropriate `as` value and it is preloaded intentionally. @ http://localhost:3100/board/brd_96b6fb8fbc47:0
[  457855ms] [LOG] [Fast Refresh] rebuilding @ webpack-internal:///(app-pages-browser)/./node_modules/next/dist/client/dev/hot-reloader/app/hot-reloader-app.js:183
[  457974ms] [LOG] [Fast Refresh] rebuilding @ webpack-internal:///(app-pages-browser)/./node_modules/next/dist/client/dev/hot-reloader/app/hot-reloader-app.js:183
[  458010ms] [LOG] [Fast Refresh] done in 36ms @ webpack-internal:///(app-pages-browser)/./node_modules/next/dist/client/dev/report-hmr-latency.js:13
[  458313ms] [LOG] [Fast Refresh] done in 338ms @ webpack-internal:///(app-pages-browser)/./node_modules/next/dist/client/dev/report-hmr-latency.js:13
[  461415ms] [WARNING] The resource http://localhost:3100/_next/static/css/app/layout.css?v=1785509801340 was preloaded using link preload but not used within a few seconds from the window's load event. Please make sure it has an appropriate `as` value and it is preloaded intentionally. @ http://localhost:3100/board/brd_96b6fb8fbc47:0
[  461415ms] [WARNING] The resource http://localhost:3100/_next/static/css/app/layout.css?v=1785510144777 was preloaded using link preload but not used within a few seconds from the window's load event. Please make sure it has an appropriate `as` value and it is preloaded intentionally. @ http://localhost:3100/board/brd_96b6fb8fbc47:0
[  461415ms] [WARNING] The resource http://localhost:3100/_next/static/css/app/layout.css?v=1785510144632 was preloaded using link preload but not used within a few seconds from the window's load event. Please make sure it has an appropriate `as` value and it is preloaded intentionally. @ http://localhost:3100/board/brd_96b6fb8fbc47:0
[  465011ms] [WARNING] The resource http://localhost:3100/_next/static/css/app/layout.css?v=1785509801340 was preloaded using link preload but not used within a few seconds from the window's load event. Please make sure it has an appropriate `as` value and it is preloaded intentionally. @ http://localhost:3100/board/brd_96b6fb8fbc47:0
[  465011ms] [WARNING] The resource http://localhost:3100/_next/static/css/app/layout.css?v=1785510144777 was preloaded using link preload but not used within a few seconds from the window's load event. Please make sure it has an appropriate `as` value and it is preloaded intentionally. @ http://localhost:3100/board/brd_96b6fb8fbc47:0
[  465012ms] [WARNING] The resource http://localhost:3100/_next/static/css/app/layout.css?v=1785510144632 was preloaded using link preload but not used within a few seconds from the window's load event. Please make sure it has an appropriate `as` value and it is preloaded intentionally. @ http://localhost:3100/board/brd_96b6fb8fbc47:0
[  468481ms] [LOG] [Fast Refresh] rebuilding @ webpack-internal:///(app-pages-browser)/./node_modules/next/dist/client/dev/hot-reloader/app/hot-reloader-app.js:183
[  468615ms] [LOG] [Fast Refresh] rebuilding @ webpack-internal:///(app-pages-browser)/./node_modules/next/dist/client/dev/hot-reloader/app/hot-reloader-app.js:183
[  468636ms] [LOG] [Fast Refresh] done in 20ms @ webpack-internal:///(app-pages-browser)/./node_modules/next/dist/client/dev/report-hmr-latency.js:13
[  468938ms] [LOG] [Fast Refresh] done in 323ms @ webpack-internal:///(app-pages-browser)/./node_modules/next/dist/client/dev/report-hmr-latency.js:13
[  475012ms] [WARNING] The resource http://localhost:3100/_next/static/css/app/layout.css?v=1785509801340 was preloaded using link preload but not used within a few seconds from the window's load event. Please make sure it has an appropriate `as` value and it is preloaded intentionally. @ http://localhost:3100/board/brd_96b6fb8fbc47:0
[  475013ms] [WARNING] The resource http://localhost:3100/_next/static/css/app/layout.css?v=1785510144777 was preloaded using link preload but not used within a few seconds from the window's load event. Please make sure it has an appropriate `as` value and it is preloaded intentionally. @ http://localhost:3100/board/brd_96b6fb8fbc47:0
[  475013ms] [WARNING] The resource http://localhost:3100/_next/static/css/app/layout.css?v=1785510144632 was preloaded using link preload but not used within a few seconds from the window's load event. Please make sure it has an appropriate `as` value and it is preloaded intentionally. @ http://localhost:3100/board/brd_96b6fb8fbc47:0
[  479573ms] [LOG] [Fast Refresh] rebuilding @ webpack-internal:///(app-pages-browser)/./node_modules/next/dist/client/dev/hot-reloader/app/hot-reloader-app.js:183
[  479703ms] [LOG] [Fast Refresh] rebuilding @ webpack-internal:///(app-pages-browser)/./node_modules/next/dist/client/dev/hot-reloader/app/hot-reloader-app.js:183
[  479732ms] [LOG] [Fast Refresh] done in 29ms @ webpack-internal:///(app-pages-browser)/./node_modules/next/dist/client/dev/report-hmr-latency.js:13
[  480054ms] [LOG] [Fast Refresh] done in 352ms @ webpack-internal:///(app-pages-browser)/./node_modules/next/dist/client/dev/report-hmr-latency.js:13
[  485018ms] [WARNING] The resource http://localhost:3100/_next/static/css/app/layout.css?v=1785509801340 was preloaded using link preload but not used within a few seconds from the window's load event. Please make sure it has an appropriate `as` value and it is preloaded intentionally. @ http://localhost:3100/board/brd_96b6fb8fbc47:0
[  485018ms] [WARNING] The resource http://localhost:3100/_next/static/css/app/layout.css?v=1785510144777 was preloaded using link preload but not used within a few seconds from the window's load event. Please make sure it has an appropriate `as` value and it is preloaded intentionally. @ http://localhost:3100/board/brd_96b6fb8fbc47:0
[  485018ms] [WARNING] The resource http://localhost:3100/_next/static/css/app/layout.css?v=1785510144632 was preloaded using link preload but not used within a few seconds from the window's load event. Please make sure it has an appropriate `as` value and it is preloaded intentionally. @ http://localhost:3100/board/brd_96b6fb8fbc47:0
[  490031ms] [WARNING] The resource http://localhost:3100/_next/static/css/app/layout.css?v=1785509801340 was preloaded using link preload but not used within a few seconds from the window's load event. Please make sure it has an appropriate `as` value and it is preloaded intentionally. @ http://localhost:3100/board/brd_96b6fb8fbc47:0
[  490031ms] [WARNING] The resource http://localhost:3100/_next/static/css/app/layout.css?v=1785510144777 was preloaded using link preload but not used within a few seconds from the window's load event. Please make sure it has an appropriate `as` value and it is preloaded intentionally. @ http://localhost:3100/board/brd_96b6fb8fbc47:0
[  490031ms] [WARNING] The resource http://localhost:3100/_next/static/css/app/layout.css?v=1785510144632 was preloaded using link preload but not used within a few seconds from the window's load event. Please make sure it has an appropriate `as` value and it is preloaded intentionally. @ http://localhost:3100/board/brd_96b6fb8fbc47:0
[  491854ms] [LOG] [Fast Refresh] rebuilding @ webpack-internal:///(app-pages-browser)/./node_modules/next/dist/client/dev/hot-reloader/app/hot-reloader-app.js:183
[  491977ms] [LOG] [Fast Refresh] rebuilding @ webpack-internal:///(app-pages-browser)/./node_modules/next/dist/client/dev/hot-reloader/app/hot-reloader-app.js:183
[  492086ms] [LOG] [Fast Refresh] done in 109ms @ webpack-internal:///(app-pages-browser)/./node_modules/next/dist/client/dev/report-hmr-latency.js:13
[  492431ms] [LOG] [Fast Refresh] done in 455ms @ webpack-internal:///(app-pages-browser)/./node_modules/next/dist/client/dev/report-hmr-latency.js:13
[  495538ms] [WARNING] The resource http://localhost:3100/_next/static/css/app/layout.css?v=1785509801340 was preloaded using link preload but not used within a few seconds from the window's load event. Please make sure it has an appropriate `as` value and it is preloaded intentionally. @ http://localhost:3100/board/brd_96b6fb8fbc47:0
[  495538ms] [WARNING] The resource http://localhost:3100/_next/static/css/app/layout.css?v=1785510144777 was preloaded using link preload but not used within a few seconds from the window's load event. Please make sure it has an appropriate `as` value and it is preloaded intentionally. @ http://localhost:3100/board/brd_96b6fb8fbc47:0
[  495539ms] [WARNING] The resource http://localhost:3100/_next/static/css/app/layout.css?v=1785510144632 was preloaded using link preload but not used within a few seconds from the window's load event. Please make sure it has an appropriate `as` value and it is preloaded intentionally. @ http://localhost:3100/board/brd_96b6fb8fbc47:0
[  500025ms] [WARNING] The resource http://localhost:3100/_next/static/css/app/layout.css?v=1785509801340 was preloaded using link preload but not used within a few seconds from the window's load event. Please make sure it has an appropriate `as` value and it is preloaded intentionally. @ http://localhost:3100/board/brd_96b6fb8fbc47:0
[  500025ms] [WARNING] The resource http://localhost:3100/_next/static/css/app/layout.css?v=1785510144777 was preloaded using link preload but not used within a few seconds from the window's load event. Please make sure it has an appropriate `as` value and it is preloaded intentionally. @ http://localhost:3100/board/brd_96b6fb8fbc47:0
[  500025ms] [WARNING] The resource http://localhost:3100/_next/static/css/app/layout.css?v=1785510144632 was preloaded using link preload but not used within a few seconds from the window's load event. Please make sure it has an appropriate `as` value and it is preloaded intentionally. @ http://localhost:3100/board/brd_96b6fb8fbc47:0
[  505021ms] [WARNING] The resource http://localhost:3100/_next/static/css/app/layout.css?v=1785509801340 was preloaded using link preload but not used within a few seconds from the window's load event. Please make sure it has an appropriate `as` value and it is preloaded intentionally. @ http://localhost:3100/board/brd_96b6fb8fbc47:0
[  505022ms] [WARNING] The resource http://localhost:3100/_next/static/css/app/layout.css?v=1785510144777 was preloaded using link preload but not used within a few seconds from the window's load event. Please make sure it has an appropriate `as` value and it is preloaded intentionally. @ http://localhost:3100/board/brd_96b6fb8fbc47:0
[  505022ms] [WARNING] The resource http://localhost:3100/_next/static/css/app/layout.css?v=1785510144632 was preloaded using link preload but not used within a few seconds from the window's load event. Please make sure it has an appropriate `as` value and it is preloaded intentionally. @ http://localhost:3100/board/brd_96b6fb8fbc47:0
[  510013ms] [WARNING] The resource http://localhost:3100/_next/static/css/app/layout.css?v=1785509801340 was preloaded using link preload but not used within a few seconds from the window's load event. Please make sure it has an appropriate `as` value and it is preloaded intentionally. @ http://localhost:3100/board/brd_96b6fb8fbc47:0
[  510013ms] [WARNING] The resource http://localhost:3100/_next/static/css/app/layout.css?v=1785510144777 was preloaded using link preload but not used within a few seconds from the window's load event. Please make sure it has an appropriate `as` value and it is preloaded intentionally. @ http://localhost:3100/board/brd_96b6fb8fbc47:0
[  510013ms] [WARNING] The resource http://localhost:3100/_next/static/css/app/layout.css?v=1785510144632 was preloaded using link preload but not used within a few seconds from the window's load event. Please make sure it has an appropriate `as` value and it is preloaded intentionally. @ http://localhost:3100/board/brd_96b6fb8fbc47:0
[  515019ms] [WARNING] The resource http://localhost:3100/_next/static/css/app/layout.css?v=1785509801340 was preloaded using link preload but not used within a few seconds from the window's load event. Please make sure it has an appropriate `as` value and it is preloaded intentionally. @ http://localhost:3100/board/brd_96b6fb8fbc47:0
[  515019ms] [WARNING] The resource http://localhost:3100/_next/static/css/app/layout.css?v=1785510144777 was preloaded using link preload but not used within a few seconds from the window's load event. Please make sure it has an appropriate `as` value and it is preloaded intentionally. @ http://localhost:3100/board/brd_96b6fb8fbc47:0
[  515020ms] [WARNING] The resource http://localhost:3100/_next/static/css/app/layout.css?v=1785510144632 was preloaded using link preload but not used within a few seconds from the window's load event. Please make sure it has an appropriate `as` value and it is preloaded intentionally. @ http://localhost:3100/board/brd_96b6fb8fbc47:0
[  520015ms] [WARNING] The resource http://localhost:3100/_next/static/css/app/layout.css?v=1785509801340 was preloaded using link preload but not used within a few seconds from the window's load event. Please make sure it has an appropriate `as` value and it is preloaded intentionally. @ http://localhost:3100/board/brd_96b6fb8fbc47:0
[  520015ms] [WARNING] The resource http://localhost:3100/_next/static/css/app/layout.css?v=1785510144777 was preloaded using link preload but not used within a few seconds from the window's load event. Please make sure it has an appropriate `as` value and it is preloaded intentionally. @ http://localhost:3100/board/brd_96b6fb8fbc47:0
[  520015ms] [WARNING] The resource http://localhost:3100/_next/static/css/app/layout.css?v=1785510144632 was preloaded using link preload but not used within a few seconds from the window's load event. Please make sure it has an appropriate `as` value and it is preloaded intentionally. @ http://localhost:3100/board/brd_96b6fb8fbc47:0
[  525007ms] [WARNING] The resource http://localhost:3100/_next/static/css/app/layout.css?v=1785509801340 was preloaded using link preload but not used within a few seconds from the window's load event. Please make sure it has an appropriate `as` value and it is preloaded intentionally. @ http://localhost:3100/board/brd_96b6fb8fbc47:0
[  525007ms] [WARNING] The resource http://localhost:3100/_next/static/css/app/layout.css?v=1785510144777 was preloaded using link preload but not used within a few seconds from the window's load event. Please make sure it has an appropriate `as` value and it is preloaded intentionally. @ http://localhost:3100/board/brd_96b6fb8fbc47:0
[  525007ms] [WARNING] The resource http://localhost:3100/_next/static/css/app/layout.css?v=1785510144632 was preloaded using link preload but not used within a few seconds from the window's load event. Please make sure it has an appropriate `as` value and it is preloaded intentionally. @ http://localhost:3100/board/brd_96b6fb8fbc47:0
[  530016ms] [WARNING] The resource http://localhost:3100/_next/static/css/app/layout.css?v=1785509801340 was preloaded using link preload but not used within a few seconds from the window's load event. Please make sure it has an appropriate `as` value and it is preloaded intentionally. @ http://localhost:3100/board/brd_96b6fb8fbc47:0
[  530016ms] [WARNING] The resource http://localhost:3100/_next/static/css/app/layout.css?v=1785510144777 was preloaded using link preload but not used within a few seconds from the window's load event. Please make sure it has an appropriate `as` value and it is preloaded intentionally. @ http://localhost:3100/board/brd_96b6fb8fbc47:0
[  530016ms] [WARNING] The resource http://localhost:3100/_next/static/css/app/layout.css?v=1785510144632 was preloaded using link preload but not used within a few seconds from the window's load event. Please make sure it has an appropriate `as` value and it is preloaded intentionally. @ http://localhost:3100/board/brd_96b6fb8fbc47:0
[  535012ms] [WARNING] The resource http://localhost:3100/_next/static/css/app/layout.css?v=1785509801340 was preloaded using link preload but not used within a few seconds from the window's load event. Please make sure it has an appropriate `as` value and it is preloaded intentionally. @ http://localhost:3100/board/brd_96b6fb8fbc47:0
[  535012ms] [WARNING] The resource http://localhost:3100/_next/static/css/app/layout.css?v=1785510144777 was preloaded using link preload but not used within a few seconds from the window's load event. Please make sure it has an appropriate `as` value and it is preloaded intentionally. @ http://localhost:3100/board/brd_96b6fb8fbc47:0
[  535012ms] [WARNING] The resource http://localhost:3100/_next/static/css/app/layout.css?v=1785510144632 was preloaded using link preload but not used within a few seconds from the window's load event. Please make sure it has an appropriate `as` value and it is preloaded intentionally. @ http://localhost:3100/board/brd_96b6fb8fbc47:0
[  540014ms] [WARNING] The resource http://localhost:3100/_next/static/css/app/layout.css?v=1785509801340 was preloaded using link preload but not used within a few seconds from the window's load event. Please make sure it has an appropriate `as` value and it is preloaded intentionally. @ http://localhost:3100/board/brd_96b6fb8fbc47:0
[  540014ms] [WARNING] The resource http://localhost:3100/_next/static/css/app/layout.css?v=1785510144777 was preloaded using link preload but not used within a few seconds from the window's load event. Please make sure it has an appropriate `as` value and it is preloaded intentionally. @ http://localhost:3100/board/brd_96b6fb8fbc47:0
[  540014ms] [WARNING] The resource http://localhost:3100/_next/static/css/app/layout.css?v=1785510144632 was preloaded using link preload but not used within a few seconds from the window's load event. Please make sure it has an appropriate `as` value and it is preloaded intentionally. @ http://localhost:3100/board/brd_96b6fb8fbc47:0
[  545018ms] [WARNING] The resource http://localhost:3100/_next/static/css/app/layout.css?v=1785509801340 was preloaded using link preload but not used within a few seconds from the window's load event. Please make sure it has an appropriate `as` value and it is preloaded intentionally. @ http://localhost:3100/board/brd_96b6fb8fbc47:0
[  545018ms] [WARNING] The resource http://localhost:3100/_next/static/css/app/layout.css?v=1785510144777 was preloaded using link preload but not used within a few seconds from the window's load event. Please make sure it has an appropriate `as` value and it is preloaded intentionally. @ http://localhost:3100/board/brd_96b6fb8fbc47:0
[  545018ms] [WARNING] The resource http://localhost:3100/_next/static/css/app/layout.css?v=1785510144632 was preloaded using link preload but not used within a few seconds from the window's load event. Please make sure it has an appropriate `as` value and it is preloaded intentionally. @ http://localhost:3100/board/brd_96b6fb8fbc47:0
[  550017ms] [WARNING] The resource http://localhost:3100/_next/static/css/app/layout.css?v=1785509801340 was preloaded using link preload but not used within a few seconds from the window's load event. Please make sure it has an appropriate `as` value and it is preloaded intentionally. @ http://localhost:3100/board/brd_96b6fb8fbc47:0
[  550017ms] [WARNING] The resource http://localhost:3100/_next/static/css/app/layout.css?v=1785510144777 was preloaded using link preload but not used within a few seconds from the window's load event. Please make sure it has an appropriate `as` value and it is preloaded intentionally. @ http://localhost:3100/board/brd_96b6fb8fbc47:0
[  550018ms] [WARNING] The resource http://localhost:3100/_next/static/css/app/layout.css?v=1785510144632 was preloaded using link preload but not used within a few seconds from the window's load event. Please make sure it has an appropriate `as` value and it is preloaded intentionally. @ http://localhost:3100/board/brd_96b6fb8fbc47:0
[  555021ms] [WARNING] The resource http://localhost:3100/_next/static/css/app/layout.css?v=1785509801340 was preloaded using link preload but not used within a few seconds from the window's load event. Please make sure it has an appropriate `as` value and it is preloaded intentionally. @ http://localhost:3100/board/brd_96b6fb8fbc47:0
[  555021ms] [WARNING] The resource http://localhost:3100/_next/static/css/app/layout.css?v=1785510144777 was preloaded using link preload but not used within a few seconds from the window's load event. Please make sure it has an appropriate `as` value and it is preloaded intentionally. @ http://localhost:3100/board/brd_96b6fb8fbc47:0
[  555021ms] [WARNING] The resource http://localhost:3100/_next/static/css/app/layout.css?v=1785510144632 was preloaded using link preload but not used within a few seconds from the window's load event. Please make sure it has an appropriate `as` value and it is preloaded intentionally. @ http://localhost:3100/board/brd_96b6fb8fbc47:0
[  560013ms] [WARNING] The resource http://localhost:3100/_next/static/css/app/layout.css?v=1785509801340 was preloaded using link preload but not used within a few seconds from the window's load event. Please make sure it has an appropriate `as` value and it is preloaded intentionally. @ http://localhost:3100/board/brd_96b6fb8fbc47:0
[  560013ms] [WARNING] The resource http://localhost:3100/_next/static/css/app/layout.css?v=1785510144777 was preloaded using link preload but not used within a few seconds from the window's load event. Please make sure it has an appropriate `as` value and it is preloaded intentionally. @ http://localhost:3100/board/brd_96b6fb8fbc47:0
[  560013ms] [WARNING] The resource http://localhost:3100/_next/static/css/app/layout.css?v=1785510144632 was preloaded using link preload but not used within a few seconds from the window's load event. Please make sure it has an appropriate `as` value and it is preloaded intentionally. @ http://localhost:3100/board/brd_96b6fb8fbc47:0
[  565024ms] [WARNING] The resource http://localhost:3100/_next/static/css/app/layout.css?v=1785509801340 was preloaded using link preload but not used within a few seconds from the window's load event. Please make sure it has an appropriate `as` value and it is preloaded intentionally. @ http://localhost:3100/board/brd_96b6fb8fbc47:0
[  565024ms] [WARNING] The resource http://localhost:3100/_next/static/css/app/layout.css?v=1785510144777 was preloaded using link preload but not used within a few seconds from the window's load event. Please make sure it has an appropriate `as` value and it is preloaded intentionally. @ http://localhost:3100/board/brd_96b6fb8fbc47:0
[  565024ms] [WARNING] The resource http://localhost:3100/_next/static/css/app/layout.css?v=1785510144632 was preloaded using link preload but not used within a few seconds from the window's load event. Please make sure it has an appropriate `as` value and it is preloaded intentionally. @ http://localhost:3100/board/brd_96b6fb8fbc47:0
[  570022ms] [WARNING] The resource http://localhost:3100/_next/static/css/app/layout.css?v=1785509801340 was preloaded using link preload but not used within a few seconds from the window's load event. Please make sure it has an appropriate `as` value and it is preloaded intentionally. @ http://localhost:3100/board/brd_96b6fb8fbc47:0
[  570022ms] [WARNING] The resource http://localhost:3100/_next/static/css/app/layout.css?v=1785510144777 was preloaded using link preload but not used within a few seconds from the window's load event. Please make sure it has an appropriate `as` value and it is preloaded intentionally. @ http://localhost:3100/board/brd_96b6fb8fbc47:0
[  570022ms] [WARNING] The resource http://localhost:3100/_next/static/css/app/layout.css?v=1785510144632 was preloaded using link preload but not used within a few seconds from the window's load event. Please make sure it has an appropriate `as` value and it is preloaded intentionally. @ http://localhost:3100/board/brd_96b6fb8fbc47:0
[  575016ms] [WARNING] The resource http://localhost:3100/_next/static/css/app/layout.css?v=1785509801340 was preloaded using link preload but not used within a few seconds from the window's load event. Please make sure it has an appropriate `as` value and it is preloaded intentionally. @ http://localhost:3100/board/brd_96b6fb8fbc47:0
[  575016ms] [WARNING] The resource http://localhost:3100/_next/static/css/app/layout.css?v=1785510144777 was preloaded using link preload but not used within a few seconds from the window's load event. Please make sure it has an appropriate `as` value and it is preloaded intentionally. @ http://localhost:3100/board/brd_96b6fb8fbc47:0
[  575016ms] [WARNING] The resource http://localhost:3100/_next/static/css/app/layout.css?v=1785510144632 was preloaded using link preload but not used within a few seconds from the window's load event. Please make sure it has an appropriate `as` value and it is preloaded intentionally. @ http://localhost:3100/board/brd_96b6fb8fbc47:0
[  579408ms] [INFO] %cDownload the React DevTools for a better development experience: https://react.dev/link/react-devtools font-weight:bold @ webpack-internal:///(app-pages-browser)/./node_modules/next/dist/compiled/react-dom/cjs/react-dom-client.development.js:25630
[  587412ms] [LOG] [Fast Refresh] rebuilding @ webpack-internal:///(app-pages-browser)/./node_modules/next/dist/client/dev/hot-reloader/app/hot-reloader-app.js:183
[  589441ms] [LOG] [Fast Refresh] rebuilding @ webpack-internal:///(app-pages-browser)/./node_modules/next/dist/client/dev/hot-reloader/app/hot-reloader-app.js:183
[  589507ms] [LOG] [Fast Refresh] done in 65ms @ webpack-internal:///(app-pages-browser)/./node_modules/next/dist/client/dev/report-hmr-latency.js:13
[  590463ms] [LOG] [Fast Refresh] done in 1022ms @ webpack-internal:///(app-pages-browser)/./node_modules/next/dist/client/dev/report-hmr-latency.js:13
[  599156ms] [LOG] [Fast Refresh] rebuilding @ webpack-internal:///(app-pages-browser)/./node_modules/next/dist/client/dev/hot-reloader/app/hot-reloader-app.js:183
[  599843ms] [LOG] [Fast Refresh] rebuilding @ webpack-internal:///(app-pages-browser)/./node_modules/next/dist/client/dev/hot-reloader/app/hot-reloader-app.js:183
[  599932ms] [LOG] [Fast Refresh] done in 89ms @ webpack-internal:///(app-pages-browser)/./node_modules/next/dist/client/dev/report-hmr-latency.js:13
[  605339ms] [WARNING] [React Flow]: It looks like you've created a new nodeTypes or edgeTypes object. If this wasn't on purpose please define the nodeTypes/edgeTypes outside of the component or memoize them. Help: https://reactflow.dev/error#002 @ webpack-internal:///(app-pages-browser)/./node_modules/@xyflow/system/dist/esm/index.js:739
[  605343ms] [LOG] [Fast Refresh] done in 5500ms @ webpack-internal:///(app-pages-browser)/./node_modules/next/dist/client/dev/report-hmr-latency.js:13
[  610867ms] [LOG] [Fast Refresh] rebuilding @ webpack-internal:///(app-pages-browser)/./node_modules/next/dist/client/dev/hot-reloader/app/hot-reloader-app.js:183
[  612199ms] [LOG] [Fast Refresh] rebuilding @ webpack-internal:///(app-pages-browser)/./node_modules/next/dist/client/dev/hot-reloader/app/hot-reloader-app.js:183
[  612218ms] [LOG] [Fast Refresh] done in 19ms @ webpack-internal:///(app-pages-browser)/./node_modules/next/dist/client/dev/report-hmr-latency.js:13
[  613052ms] [LOG] [Fast Refresh] done in 854ms @ webpack-internal:///(app-pages-browser)/./node_modules/next/dist/client/dev/report-hmr-latency.js:13
[  622130ms] [LOG] [Fast Refresh] rebuilding @ webpack-internal:///(app-pages-browser)/./node_modules/next/dist/client/dev/hot-reloader/app/hot-reloader-app.js:183
[  622268ms] [LOG] [Fast Refresh] rebuilding @ webpack-internal:///(app-pages-browser)/./node_modules/next/dist/client/dev/hot-reloader/app/hot-reloader-app.js:183
[  622333ms] [LOG] [Fast Refresh] done in 66ms @ webpack-internal:///(app-pages-browser)/./node_modules/next/dist/client/dev/report-hmr-latency.js:13
[  622912ms] [LOG] [Fast Refresh] done in 645ms @ webpack-internal:///(app-pages-browser)/./node_modules/next/dist/client/dev/report-hmr-latency.js:13
[  633134ms] [LOG] [Fast Refresh] rebuilding @ webpack-internal:///(app-pages-browser)/./node_modules/next/dist/client/dev/hot-reloader/app/hot-reloader-app.js:183
[  633278ms] [LOG] [Fast Refresh] rebuilding @ webpack-internal:///(app-pages-browser)/./node_modules/next/dist/client/dev/hot-reloader/app/hot-reloader-app.js:183
[  633303ms] [LOG] [Fast Refresh] done in 25ms @ webpack-internal:///(app-pages-browser)/./node_modules/next/dist/client/dev/report-hmr-latency.js:13
[  634042ms] [LOG] [Fast Refresh] done in 764ms @ webpack-internal:///(app-pages-browser)/./node_modules/next/dist/client/dev/report-hmr-latency.js:13
[  643857ms] [LOG] [Fast Refresh] rebuilding @ webpack-internal:///(app-pages-browser)/./node_modules/next/dist/client/dev/hot-reloader/app/hot-reloader-app.js:183
[  643973ms] [LOG] [Fast Refresh] rebuilding @ webpack-internal:///(app-pages-browser)/./node_modules/next/dist/client/dev/hot-reloader/app/hot-reloader-app.js:183
[  643997ms] [LOG] [Fast Refresh] done in 23ms @ webpack-internal:///(app-pages-browser)/./node_modules/next/dist/client/dev/report-hmr-latency.js:13
[  644368ms] [LOG] [Fast Refresh] done in 394ms @ webpack-internal:///(app-pages-browser)/./node_modules/next/dist/client/dev/report-hmr-latency.js:13
[  677060ms] [LOG] [Fast Refresh] rebuilding @ webpack-internal:///(app-pages-browser)/./node_modules/next/dist/client/dev/hot-reloader/app/hot-reloader-app.js:183
[  677187ms] [LOG] [Fast Refresh] rebuilding @ webpack-internal:///(app-pages-browser)/./node_modules/next/dist/client/dev/hot-reloader/app/hot-reloader-app.js:183
[  677214ms] [LOG] [Fast Refresh] done in 26ms @ webpack-internal:///(app-pages-browser)/./node_modules/next/dist/client/dev/report-hmr-latency.js:13
[  677676ms] [LOG] [Fast Refresh] done in 489ms @ webpack-internal:///(app-pages-browser)/./node_modules/next/dist/client/dev/report-hmr-latency.js:13
[  689644ms] [LOG] [Fast Refresh] rebuilding @ webpack-internal:///(app-pages-browser)/./node_modules/next/dist/client/dev/hot-reloader/app/hot-reloader-app.js:183
[  689659ms] [LOG] [Fast Refresh] rebuilding @ webpack-internal:///(app-pages-browser)/./node_modules/next/dist/client/dev/hot-reloader/app/hot-reloader-app.js:183
[  689682ms] [LOG] [Fast Refresh] done in 24ms @ webpack-internal:///(app-pages-browser)/./node_modules/next/dist/client/dev/report-hmr-latency.js:13
[  690061ms] [LOG] [Fast Refresh] done in 403ms @ webpack-internal:///(app-pages-browser)/./node_modules/next/dist/client/dev/report-hmr-latency.js:13
